[2026-07-30T17:39:10+09:00] ACTION: aws elasticache describe-replication-groups --region ap-northeast-2 --no-paginate
[2026-07-30T17:39:10+09:00] PURPOSE: Step 0 - 대상 클러스터 존재 여부 선검증 및 EC-HA-001/002/003/004, EC-BR-001, EC-SEC-001/002, EC-INFRA-003/006, EC-ENG-001 데이터 수집
[2026-07-30T17:39:10+09:00] RESPONSE_SUMMARY: 2개 Replication Groups 확인 (s2an2commonvalkey, s2an2publicvalkey)
---
[2026-07-30T17:39:15+09:00] ACTION: aws elasticache describe-cache-clusters --show-cache-node-info --region ap-northeast-2 --no-paginate
[2026-07-30T17:39:15+09:00] PURPOSE: EC-INFRA-002/004/005, EC-PG-001/002, EC-MON-001 - CacheParameterGroupName, Port, SecurityGroups 수집
[2026-07-30T17:39:15+09:00] RESPONSE_SUMMARY: 12개 CacheClusters (s2an2commonvalkey 6노드, s2an2publicvalkey 6노드). PG: stg-common-valkey7-cluster-allkey, stg-public-valkey7-cluster-allkey. Port: 13211. SG: sg-0e1fcec3c86854c77, sg-009003c8f534f792c
---
[2026-07-30T17:39:18+09:00] ACTION: aws elasticache describe-cache-parameters --cache-parameter-group-name stg-common-valkey7-cluster-allkey --region ap-northeast-2
[2026-07-30T17:39:18+09:00] PURPOSE: EC-PG-002 (maxmemory-policy), EC-MON-001 (slowlog-log-slower-than), EC-BR-001 (appendonly)
[2026-07-30T17:39:18+09:00] RESPONSE_SUMMARY: maxmemory-policy=allkeys-lru, slowlog-log-slower-than=10000, appendonly=no
---
[2026-07-30T17:39:20+09:00] ACTION: aws elasticache describe-cache-parameters --cache-parameter-group-name stg-public-valkey7-cluster-allkey --region ap-northeast-2
[2026-07-30T17:39:20+09:00] PURPOSE: EC-PG-002 (maxmemory-policy), EC-MON-001 (slowlog-log-slower-than), EC-BR-001 (appendonly)
[2026-07-30T17:39:20+09:00] RESPONSE_SUMMARY: maxmemory-policy=allkeys-lru, slowlog-log-slower-than=10000, appendonly=no
---
[2026-07-30T17:39:22+09:00] ACTION: aws elasticache list-tags-for-resource --resource-name arn:aws:elasticache:ap-northeast-2:325339151285:replicationgroup:s2an2commonvalkey
[2026-07-30T17:39:22+09:00] PURPOSE: COM-TAG-001 - 필수 태그 존재 확인
[2026-07-30T17:39:22+09:00] RESPONSE_SUMMARY: 10개 태그. Environment/Owner/Team 태그 없음. developer=db.han, jira=SCLOUD-97960
---
[2026-07-30T17:39:24+09:00] ACTION: aws elasticache list-tags-for-resource --resource-name arn:aws:elasticache:ap-northeast-2:325339151285:replicationgroup:s2an2publicvalkey
[2026-07-30T17:39:24+09:00] PURPOSE: COM-TAG-001 - 필수 태그 존재 확인
[2026-07-30T17:39:24+09:00] RESPONSE_SUMMARY: 10개 태그. Environment/Owner/Team 태그 없음. developer=ray.jung, jira=SCLOUD-100675
---
[2026-07-30T17:39:26+09:00] ACTION: aws elasticache describe-cache-subnet-groups --cache-subnet-group-name stg-com-valkey-sg --region ap-northeast-2
[2026-07-30T17:39:26+09:00] PURPOSE: EC-INFRA-002 (VpcId 조회), COM-NI-001 (서브넷 ID 조회)
[2026-07-30T17:39:26+09:00] RESPONSE_SUMMARY: VpcId=vpc-1771b67e, Subnets: subnet-017732a7996248e3e(2a), subnet-09ce9e0f7513e70f5(2b), subnet-097204d408aec9c88(2c)
---
[2026-07-30T17:39:28+09:00] ACTION: aws ec2 describe-vpcs --vpc-ids vpc-1771b67e --region ap-northeast-2
[2026-07-30T17:39:28+09:00] PURPOSE: EC-INFRA-002 (IsDefault 확인)
[2026-07-30T17:39:28+09:00] RESPONSE_SUMMARY: IsDefault=false
---
[2026-07-30T17:39:30+09:00] ACTION: aws ec2 describe-security-groups --group-ids sg-0e1fcec3c86854c77 sg-009003c8f534f792c --region ap-northeast-2
[2026-07-30T17:39:30+09:00] PURPOSE: COM-AC-001 (SBC NAT IP 허용), COM-AC-002 (0.0.0.0/0 차단)
[2026-07-30T17:39:30+09:00] RESPONSE_SUMMARY: 2개 SG. 모두 SG 소스 기반 인바운드만 허용 (CIDR 없음). 0.0.0.0/0 없음. SBC NAT IP 211.189.57.60/32 없음.
---
[2026-07-30T17:39:32+09:00] ACTION: aws ec2 describe-route-tables --filters "Name=association.subnet-id,Values=subnet-017732a7996248e3e,subnet-09ce9e0f7513e70f5,subnet-097204d408aec9c88" --region ap-northeast-2
[2026-07-30T17:39:32+09:00] PURPOSE: COM-NI-001 (IGW 경로 확인)
[2026-07-30T17:39:32+09:00] RESPONSE_SUMMARY: 3개 서브넷 모두 IGW 경로 없음 (프라이빗 서브넷 확인)
---
[2026-07-30T17:39:34+09:00] ACTION: aws cloudwatch describe-alarms --region ap-northeast-2 --query "MetricAlarms[?Namespace=='AWS/ElastiCache']"
[2026-07-30T17:39:34+09:00] PURPOSE: COM-MON-001, COM-MON-004 (CloudWatch 알람 설정 확인)
[2026-07-30T17:39:34+09:00] RESPONSE_SUMMARY: ElastiCache 관련 알람 0건
---
[2026-07-30T17:39:36+09:00] ACTION: 파일 읽기 - pre-survey/elasticache_sample.md
[2026-07-30T17:39:36+09:00] PURPOSE: auto: false 항목 판정 (EC-DATA-001, EC-DATA-002, EC-CLI-001, COM-MON-003, COM-AC-004, COM-AA-001, COM-DR-001)
[2026-07-30T17:39:36+09:00] RESPONSE_SUMMARY: EC-DATA-001(O), EC-DATA-002(O), EC-CLI-001(O). COM-MON-003/COM-AC-004/COM-AA-001/COM-DR-001은 사전조사 미포함
---
[2026-07-30T17:39:40+09:00] ACTION: 파일 저장 - arb-reports/scloud/ap-northeast-2/2026-07-31/elasticache.md
[2026-07-30T17:39:40+09:00] PURPOSE: ElastiCache ARB 검증 상세 리포트 저장
[2026-07-30T17:39:40+09:00] RESPONSE_SUMMARY: 2개 RG × (18 Common + 20 ElastiCache) 체크 항목 검증 완료
---
